// Jest Snapshot v1, https://goo.gl/fbAQLP

exports[`renders correctly 1`] = `
<div
  className="navbar"
>
  <div
    className="navbarWrapper"
  >
    <div
      className="brand"
    >
      <div
        className="brandWrapper"
      >
        <a
          href="#"
        >
          <div
            className="brandText"
          >
            <div>
              Hello
            </div>
          </div>
        </a>
      </div>
    </div>
    <div
      className="collapse show"
    >
      <ul
        className="nav"
      >
        <li
          className="navItem active"
        >
          <a
            href="#"
          >
            Budi
          </a>
        </li>
        <li
          className="navItem "
        >
          <a
            href="#"
          >
            Andi
          </a>
        </li>
      </ul>
    </div>
  </div>
</div>
`;
